MPLINK 5.09, LINKER
Linker Map File - Created Sat Feb 29 06:33:20 2020

                                 Section Info
                  Section       Type    Address   Location Size(Bytes)
                ---------  ---------  ---------  ---------  ---------
                   .org_0       code   0x000000    program   0x0000b6
                   .cinit    romdata   0x00005b    program   0x000004



                              Program Memory Usage 
                               Start         End      
                           ---------   ---------      
                            0x000000    0x00005c      
            93 out of 1094 program addresses used, program memory utilization is 8%



                              Symbols - Sorted by Name
                     Name    Address   Location    Storage File                     
                ---------  ---------  ---------  --------- ---------                
            CICLOAMARILLA   0x00001b    program     static /home/estuardolh/MPLABXProjects/semaforo.X/semaforo.asm
                CICLOROJA   0x000014    program     static /home/estuardolh/MPLABXProjects/semaforo.X/semaforo.asm
               CICLOVERDE   0x000020    program     static /home/estuardolh/MPLABXProjects/semaforo.X/semaforo.asm
           CONTARAMARILLA   0x00001d    program     static /home/estuardolh/MPLABXProjects/semaforo.X/semaforo.asm
               CONTARROJA   0x000016    program     static /home/estuardolh/MPLABXProjects/semaforo.X/semaforo.asm
              CONTARVERDE   0x000022    program     static /home/estuardolh/MPLABXProjects/semaforo.X/semaforo.asm
                INTERROJA   0x000041    program     static /home/estuardolh/MPLABXProjects/semaforo.X/semaforo.asm
               INTERVERDE   0x000027    program     static /home/estuardolh/MPLABXProjects/semaforo.X/semaforo.asm
              LEDAMARILLA   0x00000c    program     static /home/estuardolh/MPLABXProjects/semaforo.X/semaforo.asm
                  LEDROJA   0x000008    program     static /home/estuardolh/MPLABXProjects/semaforo.X/semaforo.asm
                 LEDVERDE   0x000010    program     static /home/estuardolh/MPLABXProjects/semaforo.X/semaforo.asm



                              Symbols - Sorted by Address
                     Name    Address   Location    Storage File                     
                ---------  ---------  ---------  --------- ---------                
                  LEDROJA   0x000008    program     static /home/estuardolh/MPLABXProjects/semaforo.X/semaforo.asm
              LEDAMARILLA   0x00000c    program     static /home/estuardolh/MPLABXProjects/semaforo.X/semaforo.asm
                 LEDVERDE   0x000010    program     static /home/estuardolh/MPLABXProjects/semaforo.X/semaforo.asm
                CICLOROJA   0x000014    program     static /home/estuardolh/MPLABXProjects/semaforo.X/semaforo.asm
               CONTARROJA   0x000016    program     static /home/estuardolh/MPLABXProjects/semaforo.X/semaforo.asm
            CICLOAMARILLA   0x00001b    program     static /home/estuardolh/MPLABXProjects/semaforo.X/semaforo.asm
           CONTARAMARILLA   0x00001d    program     static /home/estuardolh/MPLABXProjects/semaforo.X/semaforo.asm
               CICLOVERDE   0x000020    program     static /home/estuardolh/MPLABXProjects/semaforo.X/semaforo.asm
              CONTARVERDE   0x000022    program     static /home/estuardolh/MPLABXProjects/semaforo.X/semaforo.asm
               INTERVERDE   0x000027    program     static /home/estuardolh/MPLABXProjects/semaforo.X/semaforo.asm
                INTERROJA   0x000041    program     static /home/estuardolh/MPLABXProjects/semaforo.X/semaforo.asm


